thread 'rustc' panicked at 'argument must be a single string literal, but got 2 arguments', impl/src/lib.rs:58:9
note: Run with `RUST_BACKTRACE=1` for a backtrace.
error: proc-macro derive panicked
  --> $DIR/two-arguments.rs:13:5
   |
13 | /     indoc!("
14 | |         a
15 | |         b
16 | |         c
17 | |         " 64);
   | |______________^
   |
   = help: message: argument must be a single string literal, but got 2 arguments
   = note: this error originates in a macro outside of the current crate (in Nightly builds, run with -Z external-macro-backtrace for more info)

