error: proc macro panicked
  --> $DIR/two-arguments.rs:13:5
   |
13 | /     indoc!("
14 | |         a
15 | |         b
16 | |         c
17 | |         " 64);
   | |______________^
   |
   = help: message: argument must be a single string literal, but got 2 arguments

